#max_provinces = 1466
definitions = "definition.csv"
provinces = "provinces.png"
#positions = "positions.txt"
rivers = "rivers.png"
#terrain_definition = "terrain.txt"
topology = "heightmap.heightmap"
#tree_definition = "trees.bmp"
continent = "continent.txt"
adjacencies = "adjacencies.csv"
#climate = "climate.txt"
island_region = "island_region.txt"
seasons = "seasons.txt"

#############
# SEA ZONES
#############

#North European Seas
sea_zones = LIST { 2 } #French & Iberian atlantic coasts

###############
# MAJOR RIVERS
###############
#Asahina Rivers
river_provinces = RANGE { 266 274 }		
#Tsuruchi Rivers
river_provinces = RANGE { 275 277 }	
river_provinces = LIST { 383 }
river_provinces = LIST { 393 }
#Shiba Rivers
river_provinces = RANGE { 278 285 }	
#Asako Rivers
#Dragon-Lion Rivers
river_provinces = RANGE { 348 353 }	
#Unicorn Rivers
river_provinces = LIST { 287 }	
river_provinces = RANGE { 354 358 }	
river_provinces = RANGE { 360 363 }	
# River of Gold
river_provinces = RANGE { 364 369 }	
river_provinces = RANGE { 370 379 }
#Kakita River
river_provinces = LIST { 384 }
#Kitsu River
river_provinces = RANGE { 386 388 }
#Doji River
river_provinces = RANGE { 389 392 }
#Ide River
river_provinces = RANGE { 396 399 }
########
# LAKES
########
lakes = LIST { 286 }	#Asako Lake
lakes = LIST { 359 }	#Shinjo Lake
lakes = LIST { 380 }	#Hare Lake
lakes = LIST { 381 }	#Kakita Lake
lakes = LIST { 382 }	#Tsuruchi Lake
lakes = LIST { 385 }	#Kitsu Lake
lakes = LIST { 394 }	#Ide Lake
#####################
# IMPASSABLE TERRAIN
#####################
# Can be colored by whoever owns the most of the province's neighbours.
# Blocks unit movement.

# Dragon moutains
impassable_mountains = LIST { 310 311 }

#Moshi mountains
impassable_mountains = LIST { 312 }

# Spine of the world mountains 
impassable_mountains = RANGE { 313 315 }

# Isawa mori
impassable_mountains = LIST { 316 }

# Wall of the north
impassable_mountains = LIST { 317 }

############
# WASTELAND
############
# These are actually supposed to be Wasteland:
# Cannot be colored. Blocks unit movement, used for things like Sahara desert. 

# IMPASSABLE SEA ZONES
# These sea provinces cannot be crossed/sailed

# UNUSED PROVINCES
# These provinces cause issues because they are passable land, but not part of any title.
# They are probably not visible anywhere on the map, so feel free to reuse them (after double checking that they are actually missing).
