#max_provinces = 1466
definitions = "definition.csv"
provinces = "provinces.png"
#positions = "positions.txt"
rivers = "rivers.png"
#terrain_definition = "terrain.txt"
topology = "heightmap.heightmap"
#tree_definition = "trees.bmp"
continent = "continent.txt"
adjacencies = "adjacencies.csv"
#climate = "climate.txt"
island_region = "island_region.txt"
seasons = "seasons.txt"

#############
# SEA ZONES
#############

# Mantis Sea
sea_zones = RANGE { 444 457 }

# Phoenix Sea
sea_zones = LIST { 429 430 431 }

# Imperial / Tortoise Sea
sea_zones = RANGE { 432 434 }

# Crane Coast
# Doji 
sea_zones = LIST { 435 }
# Kakita
sea_zones = LIST { 436 }
# Daidoji
sea_zones = LIST { 420 439 440}
# Asahina
sea_zones = LIST { 441 442 }

# Yasuki
sea_zones = RANGE { 421 423 }
sea_zones = LIST { 443 } # Shadowlands

# Neutral
sea_zones = LIST { 2 } # Empty Mantis Sea
sea_zones = LIST { 437 438 } #Empty islands

###############
# MAJOR RIVERS
###############
#Asahina Rivers
river_provinces = RANGE { 266 274 }		
#Tsuruchi Rivers
river_provinces = RANGE { 275 277 }	
river_provinces = LIST { 383 }
river_provinces = LIST { 393 }
#Shiba Rivers
river_provinces = RANGE { 278 285 }	
#Asako Rivers
#Dragon-Lion Rivers
river_provinces = RANGE { 348 353 }	
#Unicorn Rivers
river_provinces = RANGE { 354 358 }	
river_provinces = RANGE { 360 363 }	
# River of Gold
river_provinces = RANGE { 364 369 }	
river_provinces = RANGE { 370 379 }
#Kakita River
river_provinces = LIST { 384 }
#Kitsu River
river_provinces = RANGE { 386 388 }
#Doji River
river_provinces = RANGE { 389 392 }
#Ide River
river_provinces = RANGE { 396 399 }
#Otosan Uchi Rivers
river_provinces = RANGE { 424 428 }


#Shadowlands river With Crab
river_provinces = RANGE { 512 516 }
#Shadowlands coastal river
river_provinces = RANGE { 517 521 }

#Shadowlands Festering pit south
river_provinces = RANGE { 563 566 }

########
# LAKES
########
lakes = LIST { 286 }	#Asako Lake
lakes = LIST { 359 }	#Shinjo Lake
lakes = LIST { 380 }	#Hare Lake
lakes = LIST { 381 }	#Kakita Lake
lakes = LIST { 382 }	#Tsuruchi Lake
lakes = LIST { 385 }	#Kitsu Lake
lakes = LIST { 394 }	#Ide Lake
lakes = LIST { 287 }	# Moto Lake
#####################
# IMPASSABLE TERRAIN
#####################
# Can be colored by whoever owns the most of the province's neighbours.
# Blocks unit movement.

# Dragon moutains
impassable_mountains = LIST { 310 311 }

#Moshi mountains
impassable_mountains = LIST { 312 }

# Spine of the world mountains 
impassable_mountains = RANGE { 313 315 }
impassable_mountains = LIST { 409 410 463 }

# Isawa mori
impassable_mountains = LIST { 316 }

# Wall of the north
impassable_mountains = LIST { 317 472 473 }

# Wall of the West
impassable_mountains = LIST { 474 475 }

# uninhabited_islands
impassable_mountains = LIST { 411 }

#Suzume Mountains
impassable_mountains = LIST { 418 }

#Shinomen Mori
impassable_mountains = LIST { 458 }

#TODO placeholder rest of the map
impassable_mountains = LIST { 460 }

############
# WASTELAND
############
# These are actually supposed to be Wasteland:
# Cannot be colored. Blocks unit movement, used for things like Sahara desert. 

# IMPASSABLE SEA ZONES
# These sea provinces cannot be crossed/sailed
impassable_seas = LIST { 459 }

# UNUSED PROVINCES
# These provinces cause issues because they are passable land, but not part of any title.
# They are probably not visible anywhere on the map, so feel free to reuse them (after double checking that they are actually missing).
